// Jest Snapshot v1, https://goo.gl/fbAQLP

exports[`test the <ChildComponent/> component it should render the child component 1`] = `
<div>
  Child Component
</div>
`;
